[36mvite v6.4.1 [32mbuilding for production...[36m[39m
transforming...
[32mΓ£ô[39m 27 modules transformed.
node.exe : 
[31mΓ£ù[39m Build 
failed in 181ms
At line:1 char:1
+ & "C:\Program Files
\nodejs/node.exe" 
"C:\Program 
Files\nodejs/node_mo 
...
+ ~~~~~~~~~~~~~~~~~~~
~~~~~~~~~~~~~~~~~~~~~
~~~~~~~~~~~~~~~~~~~~~
~~~~~~~~
    + CategoryInfo   
           : NotSpe  
  cified: ([31mΓ£   
 ù[39m Build fai    
led in 181ms:Str    
ing) [], RemoteE    
xception
    + FullyQualified 
   ErrorId : Native  
  CommandError
 
[31merror during 
build:
[31mCould not 
resolve 
"./utils/uuid" from "
src/context/AppContex
t.jsx"[31m
file: [36mC:/Users/D
ELL/.gemini/antigravi
ty/scratch/Personaliz
_ai_assignment/src/co
ntext/AppContext.jsx
[31m
    at 
getRollupError (file:
///C:/Users/DELL/.gem
ini/antigravity/scrat
ch/Personaliz_ai_assi
gnment/node_modules/r
ollup/dist/es/shared/
parseAst.js:402:41)
    at error (file://
/C:/Users/DELL/.gemin
i/antigravity/scratch
/Personaliz_ai_assign
ment/node_modules/rol
lup/dist/es/shared/pa
rseAst.js:398:42)
    at ModuleLoader.h
andleInvalidResolvedI
d (file:///C:/Users/D
ELL/.gemini/antigravi
ty/scratch/Personaliz
_ai_assignment/node_m
odules/rollup/dist/es
/shared/node-entry.js
:21687:24)
    at file:///C:/Use
rs/DELL/.gemini/antig
ravity/scratch/Person
aliz_ai_assignment/no
de_modules/rollup/dis
t/es/shared/node-entr
y.js:21647:26[39m
